Program (1)
  ExtDefList (1)
    ExtDef (1)
      Specifier (1)
        TYPE: int
      FunDec (1)
        ID: test_ifelse
        LP
        VarList (1)
          ParamDec (1)
            Specifier (1)
              TYPE: int
            VarDec (1)
              ID: a
          COMMA
          VarList (1)
            ParamDec (1)
              Specifier (1)
                TYPE: int
              VarDec (1)
                ID: b
            COMMA
            VarList (1)
              ParamDec (1)
                Specifier (1)
                  TYPE: int
                VarDec (1)
                  ID: c
        RP
      CompSt (1)
        LC
        DefList (2)
          Def (2)
            Specifier (2)
              TYPE: int
            DecList (2)
              Dec (2)
                VarDec (2)
                  ID: ans
                ASSIGN
                Exp (2)
                  INT: 0
            SEMI
        StmtList (4)
          Stmt (4)
            IF
            LP
            Exp (4)
              Exp (4)
                ID: a
              GT
              Exp (4)
                ID: b
            RP
            Stmt (4)
              CompSt (4)
                LC
                StmtList (5)
                  Stmt (5)
                    IF
                    LP
                    Exp (5)
                      Exp (5)
                        ID: a
                      GT
                      Exp (5)
                        ID: c
                    RP
                    Stmt (5)
                      CompSt (5)
                        LC
                        StmtList (6)
                          Stmt (6)
                            Exp (6)
                              Exp (6)
                                ID: ans
                              ASSIGN
                              Exp (6)
                                ID: a
                            SEMI
                        RC
                    ELSE
                    Stmt (7)
                      CompSt (7)
                        LC
                        StmtList (8)
                          Stmt (8)
                            Exp (8)
                              Exp (8)
                                ID: ans
                              ASSIGN
                              Exp (8)
                                ID: b
                            SEMI
                        RC
                RC
          StmtList (12)
            Stmt (12)
              IF
              LP
              Exp (12)
                Exp (12)
                  ID: a
                GT
                Exp (12)
                  ID: b
              RP
              Stmt (12)
                IF
                LP
                Exp (12)
                  Exp (12)
                    ID: a
                  GT
                  Exp (12)
                    ID: c
                RP
                Stmt (12)
                  Exp (12)
                    Exp (12)
                      ID: ans
                    ASSIGN
                    Exp (12)
                      ID: a
                  SEMI
                ELSE
                Stmt (12)
                  Exp (12)
                    Exp (12)
                      ID: ans
                    ASSIGN
                    Exp (12)
                      ID: b
                  SEMI
              ELSE
              Stmt (13)
                Exp (13)
                  Exp (13)
                    ID: ans
                  ASSIGN
                  Exp (13)
                    ID: c
                SEMI
            StmtList (15)
              Stmt (15)
                RETURN
                Exp (15)
                  ID: ans
                SEMI
        RC
