Error type A at Line 4: unknown lexeme '\xfff'
Error type A at Line 5: unknown lexeme '12333'
